2021-09-29 17:48:30 [   DEBUG] format 'Get "{stream}" dataset from "{file}"' -> 'Get "(?P<stream>.+?)" dataset from "(?P<file>.+?)"' (parse.py:837)
2021-09-29 17:48:30 [   DEBUG] format 'Filter "{col}" column from "{stream}"' -> 'Filter "(?P<col>.+?)" column from "(?P<stream>.+?)"' (parse.py:837)
2021-09-29 17:48:30 [   DEBUG] format 'Verify "{col1}" + "{per:d}" pecentage for "{stream1}" == "{col2}" for "{stream2}" == "{col3}" for "{stream3}"' -> 'Verify "(?P<col1>.+?)" \\+ "(?P<per>[-+ ]?\\d+|[-+ ]?0[xX][0-9a-fA-F]+|[-+ ]?0[bB][01]+|[-+ ]?0[oO][0-7]+)" pecentage for "(?P<stream1>.+?)" == "(?P<col2>.+?)" for "(?P<stream2>.+?)" == "(?P<col3>.+?)" for "(?P<stream3>.+?)"' (parse.py:837)
2021-09-29 17:48:30 [    INFO] Given Step Started for Stream : input and Dataset : titanic. (test_demo.py:17)
2021-09-29 17:48:30 [    INFO] INPUT data fetched. (conftest.py:15)
2021-09-29 17:48:30 [    INFO] Given Step Finished. (test_demo.py:20)
2021-09-29 17:48:30 [    INFO] Given Step Started for Stream : memory and Dataset : titanic. (test_demo.py:17)
2021-09-29 17:48:30 [   DEBUG] Starting new HTTPS connection (1): raw.githubusercontent.com:443 (connectionpool.py:971)
2021-09-29 17:48:30 [   DEBUG] https://raw.githubusercontent.com:443 "GET /datasciencedojo/datasets/master/titanic.csv HTTP/1.1" 200 21920 (connectionpool.py:452)
2021-09-29 17:48:30 [    INFO] MEMORY data fetched. (conftest.py:33)
2021-09-29 17:48:30 [    INFO] Given Step Finished. (test_demo.py:20)
2021-09-29 17:48:30 [    INFO] Given Step Started for Stream : output and Dataset : titanic. (test_demo.py:17)
2021-09-29 17:48:31 [    INFO] OUTPUT data fetched. (conftest.py:44)
2021-09-29 17:48:31 [    INFO] Given Step Finished. (test_demo.py:20)
2021-09-29 17:48:31 [    INFO] When Step Started for Column : Fare and Stream : input (test_demo.py:25)
2021-09-29 17:48:31 [    INFO] When Step Finished. (test_demo.py:29)
2021-09-29 17:48:31 [    INFO] When Step Started for Column : Fare and Stream : memory (test_demo.py:25)
2021-09-29 17:48:31 [    INFO] When Step Finished. (test_demo.py:29)
2021-09-29 17:48:31 [    INFO] When Step Started for Column : Fare and Stream : output (test_demo.py:25)
2021-09-29 17:48:31 [    INFO] When Step Finished. (test_demo.py:29)
2021-09-29 17:48:31 [    INFO] Then Step Started. (test_demo.py:34)
2021-09-29 17:48:31 [    INFO] Then Step Finished. (test_demo.py:41)
2021-09-29 17:48:31 [    INFO] in test_s1 (test_demo.py:12)
